Archive member included to satisfy reference by file (symbol)

./libopencm3//lib/libopencm3_stm32f1.a(gpio.o)
                              usbhid.o (gpio_set_mode)
./libopencm3//lib/libopencm3_stm32f1.a(gpio_common_all.o)
                              usbhid.o (gpio_set)
./libopencm3//lib/libopencm3_stm32f1.a(rcc.o)
                              usbhid.o (rcc_clock_setup_pll)
./libopencm3//lib/libopencm3_stm32f1.a(rcc_common_all.o)
                              usbhid.o (rcc_periph_clock_enable)
./libopencm3//lib/libopencm3_stm32f1.a(usb.o)
                              usbhid.o (usbd_init)
./libopencm3//lib/libopencm3_stm32f1.a(usb_control.o)
                              usbhid.o (usbd_register_control_callback)
./libopencm3//lib/libopencm3_stm32f1.a(usb_standard.o)
                              usbhid.o (usbd_register_set_config_callback)
./libopencm3//lib/libopencm3_stm32f1.a(st_usbfs_v1.o)
                              usbhid.o (st_usbfs_v1_usb_driver)
./libopencm3//lib/libopencm3_stm32f1.a(vector.o)
                              (reset_handler)
./libopencm3//lib/libopencm3_stm32f1.a(systick.o)
                              usbhid.o (systick_set_reload)
./libopencm3//lib/libopencm3_stm32f1.a(scb.o)
                              usbhid.o (scb_reset_core)
./libopencm3//lib/libopencm3_stm32f1.a(assert.o)
                              ./libopencm3//lib/libopencm3_stm32f1.a(rcc.o) (cm3_assert_failed)
./libopencm3//lib/libopencm3_stm32f1.a(flash_common_all.o)
                              ./libopencm3//lib/libopencm3_stm32f1.a(rcc.o) (flash_set_ws)
./libopencm3//lib/libopencm3_stm32f1.a(st_usbfs_core.o)
                              ./libopencm3//lib/libopencm3_stm32f1.a(st_usbfs_v1.o) (st_usbfs_set_address)
/usr/lib/gcc/arm-none-eabi/13.2.1/../../../arm-none-eabi/lib/thumb/v7-m/nofp/libc.a(libc_a-memcmp.o)
                              ./libopencm3//lib/libopencm3_stm32f1.a(usb_standard.o) (memcmp)
/usr/lib/gcc/arm-none-eabi/13.2.1/../../../arm-none-eabi/lib/thumb/v7-m/nofp/libc.a(libc_a-memcpy.o)
                              ./libopencm3//lib/libopencm3_stm32f1.a(usb_standard.o) (memcpy)
/usr/lib/gcc/arm-none-eabi/13.2.1/../../../arm-none-eabi/lib/thumb/v7-m/nofp/libc.a(libc_a-strlen-stub.o)
                              ./libopencm3//lib/libopencm3_stm32f1.a(usb_standard.o) (strlen)

Discarded input sections

 .group         0x00000000        0xc usbhid.o
 .group         0x00000000        0xc usbhid.o
 .group         0x00000000        0xc usbhid.o
 .group         0x00000000        0xc usbhid.o
 .group         0x00000000        0xc usbhid.o
 .group         0x00000000        0xc usbhid.o
 .group         0x00000000        0xc usbhid.o
 .group         0x00000000        0xc usbhid.o
 .group         0x00000000        0xc usbhid.o
 .group         0x00000000        0xc usbhid.o
 .group         0x00000000        0xc usbhid.o
 .group         0x00000000        0xc usbhid.o
 .group         0x00000000        0xc usbhid.o
 .group         0x00000000        0xc usbhid.o
 .group         0x00000000        0xc usbhid.o
 .group         0x00000000        0xc usbhid.o
 .group         0x00000000        0xc usbhid.o
 .group         0x00000000        0xc usbhid.o
 .group         0x00000000        0xc usbhid.o
 .group         0x00000000        0xc usbhid.o
 .group         0x00000000        0xc usbhid.o
 .group         0x00000000        0xc usbhid.o
 .group         0x00000000        0xc usbhid.o
 .group         0x00000000        0xc usbhid.o
 .group         0x00000000        0xc usbhid.o
 .group         0x00000000        0xc usbhid.o
 .group         0x00000000        0xc usbhid.o
 .group         0x00000000        0xc usbhid.o
 .group         0x00000000        0xc usbhid.o
 .group         0x00000000        0xc usbhid.o
 .group         0x00000000        0xc usbhid.o
 .group         0x00000000        0xc usbhid.o
 .group         0x00000000        0xc usbhid.o
 .group         0x00000000        0xc usbhid.o
 .group         0x00000000        0xc usbhid.o
 .group         0x00000000        0xc usbhid.o
 .text          0x00000000        0x0 usbhid.o
 .data          0x00000000        0x0 usbhid.o
 .bss           0x00000000        0x0 usbhid.o
 .group         0x00000000        0xc ./libopencm3//lib/libopencm3_stm32f1.a(gpio.o)
 .group         0x00000000        0xc ./libopencm3//lib/libopencm3_stm32f1.a(gpio.o)
 .group         0x00000000        0xc ./libopencm3//lib/libopencm3_stm32f1.a(gpio.o)
 .group         0x00000000        0xc ./libopencm3//lib/libopencm3_stm32f1.a(gpio.o)
 .group         0x00000000        0xc ./libopencm3//lib/libopencm3_stm32f1.a(gpio.o)
 .group         0x00000000        0xc ./libopencm3//lib/libopencm3_stm32f1.a(gpio.o)
 .group         0x00000000        0xc ./libopencm3//lib/libopencm3_stm32f1.a(gpio.o)
 .group         0x00000000        0xc ./libopencm3//lib/libopencm3_stm32f1.a(gpio.o)
 .group         0x00000000        0xc ./libopencm3//lib/libopencm3_stm32f1.a(gpio.o)
[...]
Memory Configuration

Name             Origin             Length             Attributes
rom              0x08000000         0x00010000         xr
ram              0x20000000         0x00005000         xrw
*default*        0x00000000         0xffffffff

Linker script and memory map

LOAD usbhid.o
LOAD ./libopencm3//lib/libopencm3_stm32f1.a
START GROUP
LOAD /usr/lib/gcc/arm-none-eabi/13.2.1/../../../arm-none-eabi/lib/thumb/v7-m/nofp/libc.a
LOAD /usr/lib/gcc/arm-none-eabi/13.2.1/thumb/v7-m/nofp/libgcc.a
LOAD /usr/lib/gcc/arm-none-eabi/13.2.1/../../../arm-none-eabi/lib/thumb/v7-m/nofp/libnosys.a
END GROUP
START GROUP
LOAD /usr/lib/gcc/arm-none-eabi/13.2.1/thumb/v7-m/nofp/libgcc.a
LOAD /usr/lib/gcc/arm-none-eabi/13.2.1/../../../arm-none-eabi/lib/thumb/v7-m/nofp/libg.a
LOAD /usr/lib/gcc/arm-none-eabi/13.2.1/../../../arm-none-eabi/lib/thumb/v7-m/nofp/libc.a
END GROUP

.text           0x08000000     0x19b8
 *(.vectors)
 .vectors       0x08000000      0x150 ./libopencm3//lib/libopencm3_stm32f1.a(vector.o)
                0x08000000                vector_table
 *(.text*)
 .text.hid_control_request
                0x08000150       0x28 usbhid.o
 .text.dfu_control_request
                0x08000178       0x1c usbhid.o
 .text.hid_set_config
                0x08000194       0x50 usbhid.o
 .text.dfu_detach_complete
                0x080001e4       0x24 usbhid.o
 .text.startup.main
                0x08000208       0x84 usbhid.o
                0x08000208                main
 .text.sys_tick_handler
                0x0800028c       0x28 usbhid.o
                0x0800028c                sys_tick_handler
 .text.gpio_set_mode
                0x080002b4       0x5e ./libopencm3//lib/libopencm3_stm32f1.a(gpio.o)
                0x080002b4                gpio_set_mode
 .text.gpio_set
                0x08000312        0x4 ./libopencm3//lib/libopencm3_stm32f1.a(gpio_common_all.o)
                0x08000312                gpio_set
 .text.gpio_clear
                0x08000316        0x6 ./libopencm3//lib/libopencm3_stm32f1.a(gpio_common_all.o)
                0x08000316                gpio_clear
 .text.rcc_is_osc_ready
                0x0800031c       0x58 ./libopencm3//lib/libopencm3_stm32f1.a(rcc.o)
                0x0800031c                rcc_is_osc_ready
 .text.rcc_wait_for_osc_ready
                0x08000374       0x10 ./libopencm3//lib/libopencm3_stm32f1.a(rcc.o)
                0x08000374                rcc_wait_for_osc_ready
 .text.rcc_osc_on
                0x08000384       0x60 ./libopencm3//lib/libopencm3_stm32f1.a(rcc.o)
                0x08000384                rcc_osc_on
 .text.rcc_set_sysclk_source
                0x080003e4       0x14 ./libopencm3//lib/libopencm3_stm32f1.a(rcc.o)
                0x080003e4                rcc_set_sysclk_source
 .text.rcc_set_pll_multiplication_factor
                0x080003f8       0x14 ./libopencm3//lib/libopencm3_stm32f1.a(rcc.o)
                0x080003f8                rcc_set_pll_multiplication_factor
 .text.rcc_set_pll2_multiplication_factor
                0x0800040c       0x14 ./libopencm3//lib/libopencm3_stm32f1.a(rcc.o)
                0x0800040c                rcc_set_pll2_multiplication_factor
 .text.rcc_set_pll3_multiplication_factor
                0x08000420       0x14 ./libopencm3//lib/libopencm3_stm32f1.a(rcc.o)
                0x08000420                rcc_set_pll3_multiplication_factor
 .text.rcc_set_pll_source
                0x08000434       0x14 ./libopencm3//lib/libopencm3_stm32f1.a(rcc.o)
                0x08000434                rcc_set_pll_source
 .text.rcc_set_pllxtpre
                0x08000448       0x14 ./libopencm3//lib/libopencm3_stm32f1.a(rcc.o)
                0x08000448                rcc_set_pllxtpre
 .text.rcc_set_adcpre
                0x0800045c       0x14 ./libopencm3//lib/libopencm3_stm32f1.a(rcc.o)
                0x0800045c                rcc_set_adcpre
 .text.rcc_set_ppre2
                0x08000470       0x14 ./libopencm3//lib/libopencm3_stm32f1.a(rcc.o)
                0x08000470                rcc_set_ppre2
 .text.rcc_set_ppre1
                0x08000484       0x14 ./libopencm3//lib/libopencm3_stm32f1.a(rcc.o)
                0x08000484                rcc_set_ppre1
 .text.rcc_set_hpre
                0x08000498       0x14 ./libopencm3//lib/libopencm3_stm32f1.a(rcc.o)
                0x08000498                rcc_set_hpre
 .text.rcc_set_usbpre
                0x080004ac       0x18 ./libopencm3//lib/libopencm3_stm32f1.a(rcc.o)
                0x080004ac                rcc_set_usbpre
 .text.rcc_set_prediv1
                0x080004c4       0x14 ./libopencm3//lib/libopencm3_stm32f1.a(rcc.o)
                0x080004c4                rcc_set_prediv1
 .text.rcc_set_prediv2
                0x080004d8       0x14 ./libopencm3//lib/libopencm3_stm32f1.a(rcc.o)
                0x080004d8                rcc_set_prediv2
 .text.rcc_set_prediv1_source
                0x080004ec       0x18 ./libopencm3//lib/libopencm3_stm32f1.a(rcc.o)
                0x080004ec                rcc_set_prediv1_source
 .text.rcc_clock_setup_pll
                0x08000504       0xbc ./libopencm3//lib/libopencm3_stm32f1.a(rcc.o)
                0x08000504                rcc_clock_setup_pll
 .text.rcc_periph_clock_enable
                0x080005c0       0x1a ./libopencm3//lib/libopencm3_stm32f1.a(rcc_common_all.o)
                0x080005c0                rcc_periph_clock_enable
 *fill*         0x080005da        0x2 
 .text.usbd_init
                0x080005dc       0x54 ./libopencm3//lib/libopencm3_stm32f1.a(usb.o)
                0x080005dc                usbd_init
 .text.usbd_poll
                0x08000630        0x8 ./libopencm3//lib/libopencm3_stm32f1.a(usb.o)
                0x08000630                usbd_poll
 .text.usbd_ep_setup
                0x08000638        0xe ./libopencm3//lib/libopencm3_stm32f1.a(usb.o)
                0x08000638                usbd_ep_setup
 .text._usbd_reset
                0x08000646       0x32 ./libopencm3//lib/libopencm3_stm32f1.a(usb.o)
                0x08000646                _usbd_reset
 .text.usbd_ep_write_packet
                0x08000678        0xe ./libopencm3//lib/libopencm3_stm32f1.a(usb.o)
                0x08000678                usbd_ep_write_packet
 .text.usbd_ep_read_packet
                0x08000686        0xe ./libopencm3//lib/libopencm3_stm32f1.a(usb.o)
                0x08000686                usbd_ep_read_packet
 .text.usbd_ep_stall_set
                0x08000694        0x8 ./libopencm3//lib/libopencm3_stm32f1.a(usb.o)
                0x08000694                usbd_ep_stall_set
 .text.usbd_ep_stall_get
                0x0800069c        0x8 ./libopencm3//lib/libopencm3_stm32f1.a(usb.o)
                0x0800069c                usbd_ep_stall_get
 .text.usbd_ep_nak_set
                0x080006a4        0x8 ./libopencm3//lib/libopencm3_stm32f1.a(usb.o)
                0x080006a4                usbd_ep_nak_set
 .text.usb_control_send_chunk
                0x080006ac       0x56 ./libopencm3//lib/libopencm3_stm32f1.a(usb_control.o)
 .text.usb_control_request_dispatch
                0x08000702       0x90 ./libopencm3//lib/libopencm3_stm32f1.a(usb_control.o)
 .text.stall_transaction
                0x08000792       0x14 ./libopencm3//lib/libopencm3_stm32f1.a(usb_control.o)
 .text.usb_control_recv_chunk
                0x080007a6       0x42 ./libopencm3//lib/libopencm3_stm32f1.a(usb_control.o)
 .text.usbd_register_control_callback
                0x080007e8       0x2c ./libopencm3//lib/libopencm3_stm32f1.a(usb_control.o)
                0x080007e8                usbd_register_control_callback
 .text._usbd_control_setup
                0x08000814       0xac ./libopencm3//lib/libopencm3_stm32f1.a(usb_control.o)
                0x08000814                _usbd_control_setup
 .text._usbd_control_out
                0x080008c0       0x84 ./libopencm3//lib/libopencm3_stm32f1.a(usb_control.o)
                0x080008c0                _usbd_control_out
 .text._usbd_control_in
                0x08000944       0x64 ./libopencm3//lib/libopencm3_stm32f1.a(usb_control.o)
                0x08000944                _usbd_control_in
 .text.usb_standard_set_address
                0x080009a8       0x28 ./libopencm3//lib/libopencm3_stm32f1.a(usb_standard.o)
 .text.usb_standard_set_configuration
                0x080009d0       0x92 ./libopencm3//lib/libopencm3_stm32f1.a(usb_standard.o)
 .text.usb_standard_get_configuration
                0x08000a62       0x22 ./libopencm3//lib/libopencm3_stm32f1.a(usb_standard.o)
 .text.usb_standard_set_interface
                0x08000a84       0x50 ./libopencm3//lib/libopencm3_stm32f1.a(usb_standard.o)
 .text.usb_standard_get_interface
                0x08000ad4       0x34 ./libopencm3//lib/libopencm3_stm32f1.a(usb_standard.o)
 .text.usb_standard_device_get_status
                0x08000b08       0x18 ./libopencm3//lib/libopencm3_stm32f1.a(usb_standard.o)
 .text.usb_standard_endpoint_get_status
                0x08000b20       0x2a ./libopencm3//lib/libopencm3_stm32f1.a(usb_standard.o)
 .text.usb_standard_endpoint_stall
                0x08000b4a       0x10 ./libopencm3//lib/libopencm3_stm32f1.a(usb_standard.o)
 .text.usb_standard_endpoint_unstall
                0x08000b5a       0x10 ./libopencm3//lib/libopencm3_stm32f1.a(usb_standard.o)
 *fill*         0x08000b6a        0x2 
 .text.usb_standard_get_descriptor
                0x08000b6c      0x384 ./libopencm3//lib/libopencm3_stm32f1.a(usb_standard.o)
 .text.usb_standard_interface_get_status
                0x08000ef0       0x18 ./libopencm3//lib/libopencm3_stm32f1.a(usb_standard.o)
 .text.usbd_register_set_config_callback
                0x08000f08       0x28 ./libopencm3//lib/libopencm3_stm32f1.a(usb_standard.o)
                0x08000f08                usbd_register_set_config_callback
 .text._usbd_standard_request_device
                0x08000f30       0x48 ./libopencm3//lib/libopencm3_stm32f1.a(usb_standard.o)
                0x08000f30                _usbd_standard_request_device
 .text._usbd_standard_request_interface
                0x08000f78       0x30 ./libopencm3//lib/libopencm3_stm32f1.a(usb_standard.o)
                0x08000f78                _usbd_standard_request_interface
 .text._usbd_standard_request_endpoint
                0x08000fa8       0x3c ./libopencm3//lib/libopencm3_stm32f1.a(usb_standard.o)
                0x08000fa8                _usbd_standard_request_endpoint
 .text._usbd_standard_request
                0x08000fe4       0x30 ./libopencm3//lib/libopencm3_stm32f1.a(usb_standard.o)
                0x08000fe4                _usbd_standard_request
 .text.st_usbfs_v1_usbd_init
                0x08001014       0x30 ./libopencm3//lib/libopencm3_stm32f1.a(st_usbfs_v1.o)
 .text.st_usbfs_copy_to_pm
                0x08001044       0x18 ./libopencm3//lib/libopencm3_stm32f1.a(st_usbfs_v1.o)
                0x08001044                st_usbfs_copy_to_pm
 .text.st_usbfs_copy_from_pm
                0x0800105c       0x26 ./libopencm3//lib/libopencm3_stm32f1.a(st_usbfs_v1.o)
                0x0800105c                st_usbfs_copy_from_pm
 .text.blocking_handler
                0x08001082        0x2 ./libopencm3//lib/libopencm3_stm32f1.a(vector.o)
                0x08001082                usart3_isr
                0x08001082                rtc_isr
                0x08001082                tim7_isr
                0x08001082                adc1_2_isr
                0x08001082                tim1_trg_com_isr
                0x08001082                usb_hp_can_tx_isr
                0x08001082                tim6_isr
                0x08001082                usb_wakeup_isr
                0x08001082                blocking_handler
                0x08001082                tim5_isr
                0x08001082                otg_fs_isr
                0x08001082                spi1_isr
                0x08001082                exti2_isr
                0x08001082                dma1_channel6_isr
                0x08001082                can_rx1_isr
                0x08001082                dma1_channel5_isr
                0x08001082                dma2_channel5_isr
                0x08001082                usart1_isr
                0x08001082                usage_fault_handler
                0x08001082                tim8_trg_com_isr
                0x08001082                can2_rx0_isr
                0x08001082                tim1_brk_isr
                0x08001082                can2_rx1_isr
                0x08001082                tim1_cc_isr
                0x08001082                sdio_isr
                0x08001082                eth_isr
                0x08001082                dma1_channel4_isr
                0x08001082                tim8_brk_isr
                0x08001082                dma2_channel4_5_isr
                0x08001082                pvd_isr
                0x08001082                rcc_isr
                0x08001082                flash_isr
                0x08001082                uart4_isr
                0x08001082                rtc_alarm_isr
                0x08001082                exti15_10_isr
                0x08001082                hard_fault_handler
                0x08001082                exti1_isr
                0x08001082                i2c1_ev_isr
                0x08001082                dma2_channel1_isr
                0x08001082                spi2_isr
                0x08001082                tim8_up_isr
                0x08001082                dma2_channel2_isr
                0x08001082                exti3_isr
                0x08001082                adc3_isr
                0x08001082                tim3_isr
                0x08001082                usart2_isr
                0x08001082                usb_lp_can_rx0_isr
                0x08001082                i2c2_er_isr
                0x08001082                i2c2_ev_isr
                0x08001082                uart5_isr
                0x08001082                fsmc_isr
                0x08001082                dma1_channel1_isr
                0x08001082                exti4_isr
                0x08001082                mem_manage_handler
                0x08001082                can2_tx_isr
                0x08001082                exti9_5_isr
                0x08001082                dma2_channel3_isr
                0x08001082                dma1_channel7_isr
                0x08001082                tim1_up_isr
                0x08001082                can2_sce_isr
                0x08001082                tim4_isr
                0x08001082                dma1_channel2_isr
                0x08001082                i2c1_er_isr
                0x08001082                can_sce_isr
                0x08001082                tim8_cc_isr
                0x08001082                tamper_isr
                0x08001082                eth_wkup_isr
                0x08001082                bus_fault_handler
                0x08001082                wwdg_isr
                0x08001082                dma1_channel3_isr
                0x08001082                spi3_isr
                0x08001082                tim2_isr
                0x08001082                exti0_isr
 .text.null_handler
                0x08001084        0x2 ./libopencm3//lib/libopencm3_stm32f1.a(vector.o)
                0x08001084                null_handler
                0x08001084                sv_call_handler
                0x08001084                pend_sv_handler
                0x08001084                debug_monitor_handler
                0x08001084                nmi_handler
 *fill*         0x08001086        0x2 
 .text.reset_handler
                0x08001088       0x94 ./libopencm3//lib/libopencm3_stm32f1.a(vector.o)
                0x08001088                reset_handler
 .text.systick_set_reload
                0x0800111c        0xc ./libopencm3//lib/libopencm3_stm32f1.a(systick.o)
                0x0800111c                systick_set_reload
 .text.systick_set_clocksource
                0x08001128       0x14 ./libopencm3//lib/libopencm3_stm32f1.a(systick.o)
                0x08001128                systick_set_clocksource
 .text.systick_interrupt_enable
                0x0800113c        0xe ./libopencm3//lib/libopencm3_stm32f1.a(systick.o)
                0x0800113c                systick_interrupt_enable
 .text.systick_counter_enable
                0x0800114a        0xe ./libopencm3//lib/libopencm3_stm32f1.a(systick.o)
                0x0800114a                systick_counter_enable
 .text.scb_reset_core
                0x08001158       0x10 ./libopencm3//lib/libopencm3_stm32f1.a(scb.o)
                0x08001158                scb_reset_core
 .text.flash_set_ws
                0x08001168       0x14 ./libopencm3//lib/libopencm3_stm32f1.a(flash_common_all.o)
                0x08001168                flash_set_ws
 .text.st_usbfs_set_address
                0x0800117c       0x10 ./libopencm3//lib/libopencm3_stm32f1.a(st_usbfs_core.o)
                0x0800117c                st_usbfs_set_address
 .text.st_usbfs_set_ep_rx_bufsize
                0x0800118c       0x44 ./libopencm3//lib/libopencm3_stm32f1.a(st_usbfs_core.o)
                0x0800118c                st_usbfs_set_ep_rx_bufsize
 .text.st_usbfs_ep_setup
                0x080011d0      0x128 ./libopencm3//lib/libopencm3_stm32f1.a(st_usbfs_core.o)
                0x080011d0                st_usbfs_ep_setup
 .text.st_usbfs_endpoints_reset
                0x080012f8       0x44 ./libopencm3//lib/libopencm3_stm32f1.a(st_usbfs_core.o)
                0x080012f8                st_usbfs_endpoints_reset
 .text.st_usbfs_ep_stall_set
                0x0800133c       0xbc ./libopencm3//lib/libopencm3_stm32f1.a(st_usbfs_core.o)
                0x0800133c                st_usbfs_ep_stall_set
 .text.st_usbfs_ep_stall_get
                0x080013f8       0x38 ./libopencm3//lib/libopencm3_stm32f1.a(st_usbfs_core.o)
                0x080013f8                st_usbfs_ep_stall_get
 .text.st_usbfs_ep_nak_set
                0x08001430       0x3c ./libopencm3//lib/libopencm3_stm32f1.a(st_usbfs_core.o)
                0x08001430                st_usbfs_ep_nak_set
 .text.st_usbfs_ep_write_packet
                0x0800146c       0x88 ./libopencm3//lib/libopencm3_stm32f1.a(st_usbfs_core.o)
                0x0800146c                st_usbfs_ep_write_packet
 .text.st_usbfs_ep_read_packet
                0x080014f4       0xb4 ./libopencm3//lib/libopencm3_stm32f1.a(st_usbfs_core.o)
                0x080014f4                st_usbfs_ep_read_packet
 .text.st_usbfs_poll
                0x080015a8       0xf0 ./libopencm3//lib/libopencm3_stm32f1.a(st_usbfs_core.o)
                0x080015a8                st_usbfs_poll
 .text          0x08001698       0x5c /usr/lib/gcc/arm-none-eabi/13.2.1/../../../arm-none-eabi/lib/thumb/v7-m/nofp/libc.a(libc_a-memcmp.o)
                0x08001698                memcmp
 .text          0x080016f4       0xec /usr/lib/gcc/arm-none-eabi/13.2.1/../../../arm-none-eabi/lib/thumb/v7-m/nofp/libc.a(libc_a-memcpy.o)
                0x080016f4                memcpy
 .text          0x080017e0       0x5c /usr/lib/gcc/arm-none-eabi/13.2.1/../../../arm-none-eabi/lib/thumb/v7-m/nofp/libc.a(libc_a-strlen-stub.o)
                0x080017e0                strlen
                0x0800183c                        . = ALIGN (0x4)
 *(.rodata*)
 .rodata.str1.1
                0x0800183c       0x28 usbhid.o
 .rodata.config
                0x08001864        0xd usbhid.o
                0x08001864                config
 *fill*         0x08001871        0x3 
 .rodata.ifaces
                0x08001874       0x20 usbhid.o
                0x08001874                ifaces
 .rodata.dfu_iface
                0x08001894       0x15 usbhid.o
                0x08001894                dfu_iface
 .rodata.dfu_function
                0x080018a9        0x9 usbhid.o
                0x080018a9                dfu_function
 .rodata.hid_iface
                0x080018b2       0x15 usbhid.o
                0x080018b2                hid_iface
 .rodata.hid_endpoint
                0x080018c7        0xf usbhid.o
                0x080018c7                hid_endpoint
 .rodata.hid_function
                0x080018d6        0x9 usbhid.o
 .rodata.hid_report_descriptor
                0x080018df       0x2d usbhid.o
 .rodata.dev_descr
                0x0800190c       0x12 usbhid.o
                0x0800190c                dev_descr
 *fill*         0x0800191e        0x2 
 .rodata.rcc_hsi_configs
                0x08001920       0x54 ./libopencm3//lib/libopencm3_stm32f1.a(rcc.o)
                0x08001920                rcc_hsi_configs
 .rodata.microsoft_os_descriptor_platform_capability_id
                0x08001974       0x10 ./libopencm3//lib/libopencm3_stm32f1.a(usb_standard.o)
 .rodata.st_usbfs_v1_usb_driver
                0x08001984       0x34 ./libopencm3//lib/libopencm3_stm32f1.a(st_usbfs_v1.o)
                0x08001984                st_usbfs_v1_usb_driver
                0x080019b8                        . = ALIGN (0x4)

.glue_7         0x080019b8        0x0
 .glue_7        0x080019b8        0x0 linker stubs

.glue_7t        0x080019b8        0x0
 .glue_7t       0x080019b8        0x0 linker stubs

.vfp11_veneer   0x080019b8        0x0
 .vfp11_veneer  0x080019b8        0x0 linker stubs

.v4_bx          0x080019b8        0x0
 .v4_bx         0x080019b8        0x0 linker stubs

.iplt           0x080019b8        0x0
 .iplt          0x080019b8        0x0 usbhid.o

.preinit_array  0x080019b8        0x0
                0x080019b8                        . = ALIGN (0x4)
                0x080019b8                        __preinit_array_start = .
 *(.preinit_array)
                0x080019b8                        __preinit_array_end = .

.init_array     0x080019b8        0x0
                0x080019b8                        . = ALIGN (0x4)
                0x080019b8                        __init_array_start = .
 *(SORT_BY_NAME(.init_array.*))
 *(.init_array)
                0x080019b8                        __init_array_end = .

.fini_array     0x080019b8        0x0
                0x080019b8                        . = ALIGN (0x4)
                0x080019b8                        __fini_array_start = .
 *(.fini_array)
 *(SORT_BY_NAME(.fini_array.*))
                0x080019b8                        __fini_array_end = .

.ARM.extab
 *(.ARM.extab*)

.ARM.exidx      0x080019b8        0x8
                0x080019b8                        __exidx_start = .
 *(.ARM.exidx*)
 .ARM.exidx     0x080019b8        0x8 /usr/lib/gcc/arm-none-eabi/13.2.1/../../../arm-none-eabi/lib/thumb/v7-m/nofp/libc.a(libc_a-memcpy.o)
                0x080019c0                        __exidx_end = .

.rel.dyn        0x080019c0        0x0
 .rel.iplt      0x080019c0        0x0 usbhid.o
                0x080019c0                        . = ALIGN (0x4)
                0x080019c0                        _etext = .

.noinit
 *(.noinit*)
                0x080019c0                        . = ALIGN (0x4)

.data           0x20000000       0x18 load address 0x080019c0
                0x20000000                        _data = .
 *(.data*)
 .data.usb_strings
                0x20000000        0xc usbhid.o
 .data.rcc_ahb_frequency
                0x2000000c        0x4 ./libopencm3//lib/libopencm3_stm32f1.a(rcc.o)
                0x2000000c                rcc_ahb_frequency
 .data.rcc_apb2_frequency
                0x20000010        0x4 ./libopencm3//lib/libopencm3_stm32f1.a(rcc.o)
                0x20000010                rcc_apb2_frequency
 .data.rcc_apb1_frequency
                0x20000014        0x4 ./libopencm3//lib/libopencm3_stm32f1.a(rcc.o)
                0x20000014                rcc_apb1_frequency
 *(.ramtext*)
                0x20000018                        . = ALIGN (0x4)
                0x20000018                        _edata = .
                0x080019c0                        _data_loadaddr = LOADADDR (.data)

.igot.plt       0x20000018        0x0 load address 0x080019d8
 .igot.plt      0x20000018        0x0 usbhid.o

.bss            0x20000018      0x1a0 load address 0x080019d8
 *(.bss*)
 .bss.usbd_control_buffer
                0x20000018       0x80 usbhid.o
                0x20000018                usbd_control_buffer
 .bss.usbd_dev  0x20000098        0x4 usbhid.o
 .bss.st_usbfs_dev
                0x2000009c      0x114 ./libopencm3//lib/libopencm3_stm32f1.a(st_usbfs_core.o)
                0x2000009c                st_usbfs_dev
 .bss.st_usbfs_force_nak
                0x200001b0        0x8 ./libopencm3//lib/libopencm3_stm32f1.a(st_usbfs_core.o)
                0x200001b0                st_usbfs_force_nak
 *(COMMON)
                0x200001b8                        . = ALIGN (0x4)
                0x200001b8                        _ebss = .

/DISCARD/
 *(.eh_frame)
                0x200001b8                        . = ALIGN (0x4)
                0x200001b8                        end = .
                0x20005000                        PROVIDE (_stack = (ORIGIN (ram) + LENGTH (ram)))
OUTPUT(usb_hid.elf elf32-littlearm)
LOAD linker stubs

.debug_info     0x00000000     0x9539
 .debug_info    0x00000000     0x102b usbhid.o
 .debug_info    0x0000102b      0x1d1 ./libopencm3//lib/libopencm3_stm32f1.a(gpio.o)
 .debug_info    0x000011fc      0x23a ./libopencm3//lib/libopencm3_stm32f1.a(gpio_common_all.o)
 .debug_info    0x00001436     0x14b6 ./libopencm3//lib/libopencm3_stm32f1.a(rcc.o)
 .debug_info    0x000028ec      0x5e6 ./libopencm3//lib/libopencm3_stm32f1.a(rcc_common_all.o)
 .debug_info    0x00002ed2     0x1122 ./libopencm3//lib/libopencm3_stm32f1.a(usb.o)
 .debug_info    0x00003ff4     0x113f ./libopencm3//lib/libopencm3_stm32f1.a(usb_control.o)
 .debug_info    0x00005133     0x1af7 ./libopencm3//lib/libopencm3_stm32f1.a(usb_standard.o)
 .debug_info    0x00006c2a      0xee8 ./libopencm3//lib/libopencm3_stm32f1.a(st_usbfs_v1.o)
 .debug_info    0x00007b12      0x2b8 ./libopencm3//lib/libopencm3_stm32f1.a(vector.o)
 .debug_info    0x00007dca      0x275 ./libopencm3//lib/libopencm3_stm32f1.a(systick.o)
 .debug_info    0x0000803f      0x10f ./libopencm3//lib/libopencm3_stm32f1.a(scb.o)
 .debug_info    0x0000814e       0xe5 ./libopencm3//lib/libopencm3_stm32f1.a(flash_common_all.o)
 .debug_info    0x00008233     0x10eb ./libopencm3//lib/libopencm3_stm32f1.a(st_usbfs_core.o)
 .debug_info    0x0000931e      0x12b /usr/lib/gcc/arm-none-eabi/13.2.1/../../../arm-none-eabi/lib/thumb/v7-m/nofp/libc.a(libc_a-memcmp.o)
 .debug_info    0x00009449       0x33 /usr/lib/gcc/arm-none-eabi/13.2.1/../../../arm-none-eabi/lib/thumb/v7-m/nofp/libc.a(libc_a-memcpy.o)
 .debug_info    0x0000947c       0xbd /usr/lib/gcc/arm-none-eabi/13.2.1/../../../arm-none-eabi/lib/thumb/v7-m/nofp/libc.a(libc_a-strlen-stub.o)

.debug_abbrev   0x00000000     0x1f9e
 .debug_abbrev  0x00000000      0x332 usbhid.o
 .debug_abbrev  0x00000332       0xd3 ./libopencm3//lib/libopencm3_stm32f1.a(gpio.o)
 .debug_abbrev  0x00000405      0x117 ./libopencm3//lib/libopencm3_stm32f1.a(gpio_common_all.o)
 .debug_abbrev  0x0000051c      0x2bf ./libopencm3//lib/libopencm3_stm32f1.a(rcc.o)
 .debug_abbrev  0x000007db      0x186 ./libopencm3//lib/libopencm3_stm32f1.a(rcc_common_all.o)
 .debug_abbrev  0x00000961      0x2ac ./libopencm3//lib/libopencm3_stm32f1.a(usb.o)
 .debug_abbrev  0x00000c0d      0x3e8 ./libopencm3//lib/libopencm3_stm32f1.a(usb_control.o)
 .debug_abbrev  0x00000ff5      0x4f5 ./libopencm3//lib/libopencm3_stm32f1.a(usb_standard.o)
 .debug_abbrev  0x000014ea      0x296 ./libopencm3//lib/libopencm3_stm32f1.a(st_usbfs_v1.o)
 .debug_abbrev  0x00001780      0x149 ./libopencm3//lib/libopencm3_stm32f1.a(vector.o)
 .debug_abbrev  0x000018c9      0x14f ./libopencm3//lib/libopencm3_stm32f1.a(systick.o)
 .debug_abbrev  0x00001a18       0xa3 ./libopencm3//lib/libopencm3_stm32f1.a(scb.o)
 .debug_abbrev  0x00001abb       0x96 ./libopencm3//lib/libopencm3_stm32f1.a(flash_common_all.o)
 .debug_abbrev  0x00001b51      0x31d ./libopencm3//lib/libopencm3_stm32f1.a(st_usbfs_core.o)
 .debug_abbrev  0x00001e6e       0x90 /usr/lib/gcc/arm-none-eabi/13.2.1/../../../arm-none-eabi/lib/thumb/v7-m/nofp/libc.a(libc_a-memcmp.o)
 .debug_abbrev  0x00001efe       0x28 /usr/lib/gcc/arm-none-eabi/13.2.1/../../../arm-none-eabi/lib/thumb/v7-m/nofp/libc.a(libc_a-memcpy.o)
 .debug_abbrev  0x00001f26       0x78 /usr/lib/gcc/arm-none-eabi/13.2.1/../../../arm-none-eabi/lib/thumb/v7-m/nofp/libc.a(libc_a-strlen-stub.o)

.debug_loclists
                0x00000000     0x2cef
 .debug_loclists
                0x00000000      0x195 usbhid.o
 .debug_loclists
                0x00000195       0xd5 ./libopencm3//lib/libopencm3_stm32f1.a(gpio.o)
 .debug_loclists
                0x0000026a       0x96 ./libopencm3//lib/libopencm3_stm32f1.a(gpio_common_all.o)
 .debug_loclists
                0x00000300      0x2cb ./libopencm3//lib/libopencm3_stm32f1.a(rcc.o)
 .debug_loclists
                0x000005cb       0x87 ./libopencm3//lib/libopencm3_stm32f1.a(rcc_common_all.o)
 .debug_loclists
                0x00000652      0x3d2 ./libopencm3//lib/libopencm3_stm32f1.a(usb.o)
 .debug_loclists
                0x00000a24      0x546 ./libopencm3//lib/libopencm3_stm32f1.a(usb_control.o)
 .debug_loclists
                0x00000f6a     0x1221 ./libopencm3//lib/libopencm3_stm32f1.a(usb_standard.o)
 .debug_loclists
                0x0000218b      0x161 ./libopencm3//lib/libopencm3_stm32f1.a(st_usbfs_v1.o)
 .debug_loclists
                0x000022ec       0xb6 ./libopencm3//lib/libopencm3_stm32f1.a(vector.o)
 .debug_loclists
                0x000023a2      0x192 ./libopencm3//lib/libopencm3_stm32f1.a(systick.o)
 .debug_loclists
                0x00002534       0x29 ./libopencm3//lib/libopencm3_stm32f1.a(scb.o)
 .debug_loclists
                0x0000255d       0x17 ./libopencm3//lib/libopencm3_stm32f1.a(flash_common_all.o)
 .debug_loclists
                0x00002574      0x67c ./libopencm3//lib/libopencm3_stm32f1.a(st_usbfs_core.o)
 .debug_loclists
                0x00002bf0       0xd6 /usr/lib/gcc/arm-none-eabi/13.2.1/../../../arm-none-eabi/lib/thumb/v7-m/nofp/libc.a(libc_a-memcmp.o)
 .debug_loclists
                0x00002cc6       0x29 /usr/lib/gcc/arm-none-eabi/13.2.1/../../../arm-none-eabi/lib/thumb/v7-m/nofp/libc.a(libc_a-strlen-stub.o)

.debug_aranges  0x00000000      0x678
 .debug_aranges
                0x00000000       0x48 usbhid.o
 .debug_aranges
                0x00000048       0x38 ./libopencm3//lib/libopencm3_stm32f1.a(gpio.o)
 .debug_aranges
                0x00000080       0x50 ./libopencm3//lib/libopencm3_stm32f1.a(gpio_common_all.o)
 .debug_aranges
                0x000000d0      0x170 ./libopencm3//lib/libopencm3_stm32f1.a(rcc.o)
 .debug_aranges
                0x00000240       0x80 ./libopencm3//lib/libopencm3_stm32f1.a(rcc_common_all.o)
 .debug_aranges
                0x000002c0       0x98 ./libopencm3//lib/libopencm3_stm32f1.a(usb.o)
 .debug_aranges
                0x00000358       0x58 ./libopencm3//lib/libopencm3_stm32f1.a(usb_control.o)
 .debug_aranges
                0x000003b0       0xa0 ./libopencm3//lib/libopencm3_stm32f1.a(usb_standard.o)
 .debug_aranges
                0x00000450       0x30 ./libopencm3//lib/libopencm3_stm32f1.a(st_usbfs_v1.o)
 .debug_aranges
                0x00000480       0x30 ./libopencm3//lib/libopencm3_stm32f1.a(vector.o)
 .debug_aranges
                0x000004b0       0x78 ./libopencm3//lib/libopencm3_stm32f1.a(systick.o)
 .debug_aranges
                0x00000528       0x50 ./libopencm3//lib/libopencm3_stm32f1.a(scb.o)
 .debug_aranges
                0x00000578       0x38 ./libopencm3//lib/libopencm3_stm32f1.a(flash_common_all.o)
 .debug_aranges
                0x000005b0       0x68 ./libopencm3//lib/libopencm3_stm32f1.a(st_usbfs_core.o)
 .debug_aranges
                0x00000618       0x20 /usr/lib/gcc/arm-none-eabi/13.2.1/../../../arm-none-eabi/lib/thumb/v7-m/nofp/libc.a(libc_a-memcmp.o)
 .debug_aranges
                0x00000638       0x20 /usr/lib/gcc/arm-none-eabi/13.2.1/../../../arm-none-eabi/lib/thumb/v7-m/nofp/libc.a(libc_a-memcpy.o)
 .debug_aranges
                0x00000658       0x20 /usr/lib/gcc/arm-none-eabi/13.2.1/../../../arm-none-eabi/lib/thumb/v7-m/nofp/libc.a(libc_a-strlen-stub.o)

.debug_rnglists
                0x00000000      0x617
 .debug_rnglists
                0x00000000       0x3e usbhid.o
 .debug_rnglists
                0x0000003e       0x25 ./libopencm3//lib/libopencm3_stm32f1.a(gpio.o)
 .debug_rnglists
                0x00000063       0x37 ./libopencm3//lib/libopencm3_stm32f1.a(gpio_common_all.o)
 .debug_rnglists
                0x0000009a      0x160 ./libopencm3//lib/libopencm3_stm32f1.a(rcc.o)
 .debug_rnglists
                0x000001fa       0x5b ./libopencm3//lib/libopencm3_stm32f1.a(rcc_common_all.o)
 .debug_rnglists
                0x00000255       0x7c ./libopencm3//lib/libopencm3_stm32f1.a(usb.o)
 .debug_rnglists
                0x000002d1       0x88 ./libopencm3//lib/libopencm3_stm32f1.a(usb_control.o)
 .debug_rnglists
                0x00000359      0x112 ./libopencm3//lib/libopencm3_stm32f1.a(usb_standard.o)
 .debug_rnglists
                0x0000046b       0x1f ./libopencm3//lib/libopencm3_stm32f1.a(st_usbfs_v1.o)
 .debug_rnglists
                0x0000048a       0x20 ./libopencm3//lib/libopencm3_stm32f1.a(vector.o)
 .debug_rnglists
                0x000004aa       0x61 ./libopencm3//lib/libopencm3_stm32f1.a(systick.o)
 .debug_rnglists
                0x0000050b       0x37 ./libopencm3//lib/libopencm3_stm32f1.a(scb.o)
 .debug_rnglists
                0x00000542       0x25 ./libopencm3//lib/libopencm3_stm32f1.a(flash_common_all.o)
 .debug_rnglists
                0x00000567       0x9d ./libopencm3//lib/libopencm3_stm32f1.a(st_usbfs_core.o)
 .debug_rnglists
                0x00000604       0x13 /usr/lib/gcc/arm-none-eabi/13.2.1/../../../arm-none-eabi/lib/thumb/v7-m/nofp/libc.a(libc_a-strlen-stub.o)

.debug_macro    0x00000000     0x5652
 .debug_macro   0x00000000      0x1c4 usbhid.o
 .debug_macro   0x000001c4      0xac0 usbhid.o
 .debug_macro   0x00000c84       0x24 usbhid.o
 .debug_macro   0x00000ca8       0x22 usbhid.o
 .debug_macro   0x00000cca       0x60 usbhid.o
 .debug_macro   0x00000d2a       0x5c usbhid.o
 .debug_macro   0x00000d86       0x3c usbhid.o
 .debug_macro   0x00000dc2       0x34 usbhid.o
 .debug_macro   0x00000df6       0x16 usbhid.o
 .debug_macro   0x00000e0c      0x11c usbhid.o
 .debug_macro   0x00000f28       0x94 usbhid.o
 .debug_macro   0x00000fbc       0x57 usbhid.o
 .debug_macro   0x00001013      0x38c usbhid.o
 .debug_macro   0x0000139f       0x16 usbhid.o
 .debug_macro   0x000013b5       0x4a usbhid.o
 .debug_macro   0x000013ff       0x34 usbhid.o
 .debug_macro   0x00001433       0x10 usbhid.o
 .debug_macro   0x00001443       0x52 usbhid.o
 .debug_macro   0x00001495      0x1de usbhid.o
 .debug_macro   0x00001673       0x22 usbhid.o
 .debug_macro   0x00001695       0x1c usbhid.o
 .debug_macro   0x000016b1      0x34e usbhid.o
 .debug_macro   0x000019ff       0x22 usbhid.o
 .debug_macro   0x00001a21       0xe8 usbhid.o
 .debug_macro   0x00001b09       0x76 usbhid.o
 .debug_macro   0x00001b7f       0x68 usbhid.o
 .debug_macro   0x00001be7      0x1a2 usbhid.o
 .debug_macro   0x00001d89       0x6f usbhid.o
 .debug_macro   0x00001df8      0x1ba usbhid.o
 .debug_macro   0x00001fb2      0x8c6 usbhid.o
 .debug_macro   0x00002878       0x76 usbhid.o
 .debug_macro   0x000028ee      0xe2e usbhid.o
 .debug_macro   0x0000371c      0x1a2 usbhid.o
 .debug_macro   0x000038be       0x16 usbhid.o
 .debug_macro   0x000038d4       0x8e usbhid.o
 .debug_macro   0x00003962      0x39b usbhid.o
 .debug_macro   0x00003cfd       0x2e usbhid.o
 .debug_macro   0x00003d2b       0x6f ./libopencm3//lib/libopencm3_stm32f1.a(gpio.o)
 .debug_macro   0x00003d9a      0x1b4 ./libopencm3//lib/libopencm3_stm32f1.a(gpio.o)
 .debug_macro   0x00003f4e       0x6f ./libopencm3//lib/libopencm3_stm32f1.a(gpio_common_all.o)
 .debug_macro   0x00003fbd       0x9e ./libopencm3//lib/libopencm3_stm32f1.a(rcc.o)
 .debug_macro   0x0000405b       0x16 ./libopencm3//lib/libopencm3_stm32f1.a(rcc.o)
 .debug_macro   0x00004071       0xee ./libopencm3//lib/libopencm3_stm32f1.a(rcc.o)
 .debug_macro   0x0000415f       0x82 ./libopencm3//lib/libopencm3_stm32f1.a(rcc.o)
 .debug_macro   0x000041e1       0x85 ./libopencm3//lib/libopencm3_stm32f1.a(rcc_common_all.o)
 .debug_macro   0x00004266      0x137 ./libopencm3//lib/libopencm3_stm32f1.a(usb.o)
 .debug_macro   0x0000439d      0x189 ./libopencm3//lib/libopencm3_stm32f1.a(usb.o)
 .debug_macro   0x00004526       0x10 ./libopencm3//lib/libopencm3_stm32f1.a(usb.o)
 .debug_macro   0x00004536       0x3c ./libopencm3//lib/libopencm3_stm32f1.a(usb.o)
 .debug_macro   0x00004572      0x19c ./libopencm3//lib/libopencm3_stm32f1.a(usb.o)
 .debug_macro   0x0000470e       0x9b ./libopencm3//lib/libopencm3_stm32f1.a(usb.o)
 .debug_macro   0x000047a9       0x22 ./libopencm3//lib/libopencm3_stm32f1.a(usb.o)
 .debug_macro   0x000047cb      0x145 ./libopencm3//lib/libopencm3_stm32f1.a(usb_control.o)
 .debug_macro   0x00004910      0x140 ./libopencm3//lib/libopencm3_stm32f1.a(usb_standard.o)
 .debug_macro   0x00004a50       0x65 ./libopencm3//lib/libopencm3_stm32f1.a(usb_standard.o)
 .debug_macro   0x00004ab5       0xdc ./libopencm3//lib/libopencm3_stm32f1.a(st_usbfs_v1.o)
 .debug_macro   0x00004b91       0x3a ./libopencm3//lib/libopencm3_stm32f1.a(st_usbfs_v1.o)
 .debug_macro   0x00004bcb      0x29e ./libopencm3//lib/libopencm3_stm32f1.a(st_usbfs_v1.o)
 .debug_macro   0x00004e69       0x28 ./libopencm3//lib/libopencm3_stm32f1.a(st_usbfs_v1.o)
 .debug_macro   0x00004e91       0x10 ./libopencm3//lib/libopencm3_stm32f1.a(st_usbfs_v1.o)
 .debug_macro   0x00004ea1       0x86 ./libopencm3//lib/libopencm3_stm32f1.a(vector.o)
 .debug_macro   0x00004f27      0x395 ./libopencm3//lib/libopencm3_stm32f1.a(vector.o)
 .debug_macro   0x000052bc       0x6e ./libopencm3//lib/libopencm3_stm32f1.a(vector.o)
 .debug_macro   0x0000532a       0x49 ./libopencm3//lib/libopencm3_stm32f1.a(systick.o)
 .debug_macro   0x00005373       0x69 ./libopencm3//lib/libopencm3_stm32f1.a(systick.o)
 .debug_macro   0x000053dc      0x123 ./libopencm3//lib/libopencm3_stm32f1.a(scb.o)
 .debug_macro   0x000054ff       0x77 ./libopencm3//lib/libopencm3_stm32f1.a(flash_common_all.o)
 .debug_macro   0x00005576       0xdc ./libopencm3//lib/libopencm3_stm32f1.a(st_usbfs_core.o)

.debug_line     0x00000000     0x492c
 .debug_line    0x00000000      0x4e2 usbhid.o
 .debug_line    0x000004e2      0x293 ./libopencm3//lib/libopencm3_stm32f1.a(gpio.o)
 .debug_line    0x00000775      0x27b ./libopencm3//lib/libopencm3_stm32f1.a(gpio_common_all.o)
 .debug_line    0x000009f0      0xc28 ./libopencm3//lib/libopencm3_stm32f1.a(rcc.o)
 .debug_line    0x00001618      0x322 ./libopencm3//lib/libopencm3_stm32f1.a(rcc_common_all.o)
 .debug_line    0x0000193a      0x4ac ./libopencm3//lib/libopencm3_stm32f1.a(usb.o)
 .debug_line    0x00001de6      0x691 ./libopencm3//lib/libopencm3_stm32f1.a(usb_control.o)
 .debug_line    0x00002477      0xdb0 ./libopencm3//lib/libopencm3_stm32f1.a(usb_standard.o)
 .debug_line    0x00003227      0x2ff ./libopencm3//lib/libopencm3_stm32f1.a(st_usbfs_v1.o)
 .debug_line    0x00003526      0x2ad ./libopencm3//lib/libopencm3_stm32f1.a(vector.o)
 .debug_line    0x000037d3      0x271 ./libopencm3//lib/libopencm3_stm32f1.a(systick.o)
 .debug_line    0x00003a44      0x291 ./libopencm3//lib/libopencm3_stm32f1.a(scb.o)
 .debug_line    0x00003cd5      0x22c ./libopencm3//lib/libopencm3_stm32f1.a(flash_common_all.o)
 .debug_line    0x00003f01      0x700 ./libopencm3//lib/libopencm3_stm32f1.a(st_usbfs_core.o)
 .debug_line    0x00004601      0x17a /usr/lib/gcc/arm-none-eabi/13.2.1/../../../arm-none-eabi/lib/thumb/v7-m/nofp/libc.a(libc_a-memcmp.o)
 .debug_line    0x0000477b       0xbd /usr/lib/gcc/arm-none-eabi/13.2.1/../../../arm-none-eabi/lib/thumb/v7-m/nofp/libc.a(libc_a-memcpy.o)
 .debug_line    0x00004838       0xf4 /usr/lib/gcc/arm-none-eabi/13.2.1/../../../arm-none-eabi/lib/thumb/v7-m/nofp/libc.a(libc_a-strlen-stub.o)

.debug_str      0x00000000    0x1523a
 .debug_str     0x00000000    0x1523a usbhid.o
                              0x10b88 (size before relaxing)
 .debug_str     0x0001523a     0x8373 ./libopencm3//lib/libopencm3_stm32f1.a(gpio.o)
 .debug_str     0x0001523a     0x8371 ./libopencm3//lib/libopencm3_stm32f1.a(gpio_common_all.o)
 .debug_str     0x0001523a     0x7fd3 ./libopencm3//lib/libopencm3_stm32f1.a(rcc.o)
 .debug_str     0x0001523a     0x76d6 ./libopencm3//lib/libopencm3_stm32f1.a(rcc_common_all.o)
 .debug_str     0x0001523a     0x82b3 ./libopencm3//lib/libopencm3_stm32f1.a(usb.o)
 .debug_str     0x0001523a     0x8278 ./libopencm3//lib/libopencm3_stm32f1.a(usb_control.o)
 .debug_str     0x0001523a     0x89fe ./libopencm3//lib/libopencm3_stm32f1.a(usb_standard.o)
 .debug_str     0x0001523a     0xa085 ./libopencm3//lib/libopencm3_stm32f1.a(st_usbfs_v1.o)
 .debug_str     0x0001523a     0x63c2 ./libopencm3//lib/libopencm3_stm32f1.a(vector.o)
 .debug_str     0x0001523a     0x4293 ./libopencm3//lib/libopencm3_stm32f1.a(systick.o)
 .debug_str     0x0001523a     0x8229 ./libopencm3//lib/libopencm3_stm32f1.a(scb.o)
 .debug_str     0x0001523a     0x52c1 ./libopencm3//lib/libopencm3_stm32f1.a(flash_common_all.o)
 .debug_str     0x0001523a     0x9ed2 ./libopencm3//lib/libopencm3_stm32f1.a(st_usbfs_core.o)
 .debug_str     0x0001523a      0x18c /usr/lib/gcc/arm-none-eabi/13.2.1/../../../arm-none-eabi/lib/thumb/v7-m/nofp/libc.a(libc_a-memcmp.o)
 .debug_str     0x0001523a       0xa3 /usr/lib/gcc/arm-none-eabi/13.2.1/../../../arm-none-eabi/lib/thumb/v7-m/nofp/libc.a(libc_a-memcpy.o)
 .debug_str     0x0001523a      0x196 /usr/lib/gcc/arm-none-eabi/13.2.1/../../../arm-none-eabi/lib/thumb/v7-m/nofp/libc.a(libc_a-strlen-stub.o)

.comment        0x00000000       0x26
 .comment       0x00000000       0x26 usbhid.o
                                 0x27 (size before relaxing)
 .comment       0x00000026       0x27 ./libopencm3//lib/libopencm3_stm32f1.a(gpio.o)
 .comment       0x00000026       0x27 ./libopencm3//lib/libopencm3_stm32f1.a(gpio_common_all.o)
 .comment       0x00000026       0x27 ./libopencm3//lib/libopencm3_stm32f1.a(rcc.o)
 .comment       0x00000026       0x27 ./libopencm3//lib/libopencm3_stm32f1.a(rcc_common_all.o)
 .comment       0x00000026       0x27 ./libopencm3//lib/libopencm3_stm32f1.a(usb.o)
 .comment       0x00000026       0x27 ./libopencm3//lib/libopencm3_stm32f1.a(usb_control.o)
 .comment       0x00000026       0x27 ./libopencm3//lib/libopencm3_stm32f1.a(usb_standard.o)
 .comment       0x00000026       0x27 ./libopencm3//lib/libopencm3_stm32f1.a(st_usbfs_v1.o)
 .comment       0x00000026       0x27 ./libopencm3//lib/libopencm3_stm32f1.a(vector.o)
 .comment       0x00000026       0x27 ./libopencm3//lib/libopencm3_stm32f1.a(systick.o)
 .comment       0x00000026       0x27 ./libopencm3//lib/libopencm3_stm32f1.a(scb.o)
 .comment       0x00000026       0x27 ./libopencm3//lib/libopencm3_stm32f1.a(flash_common_all.o)
 .comment       0x00000026       0x27 ./libopencm3//lib/libopencm3_stm32f1.a(st_usbfs_core.o)
 .comment       0x00000026       0x27 /usr/lib/gcc/arm-none-eabi/13.2.1/../../../arm-none-eabi/lib/thumb/v7-m/nofp/libc.a(libc_a-memcmp.o)
 .comment       0x00000026       0x27 /usr/lib/gcc/arm-none-eabi/13.2.1/../../../arm-none-eabi/lib/thumb/v7-m/nofp/libc.a(libc_a-strlen-stub.o)

.ARM.attributes
                0x00000000       0x2b
 .ARM.attributes
                0x00000000       0x2d usbhid.o
 .ARM.attributes
                0x0000002d       0x2d ./libopencm3//lib/libopencm3_stm32f1.a(gpio.o)
 .ARM.attributes
                0x0000005a       0x2d ./libopencm3//lib/libopencm3_stm32f1.a(gpio_common_all.o)
 .ARM.attributes
                0x00000087       0x2d ./libopencm3//lib/libopencm3_stm32f1.a(rcc.o)
 .ARM.attributes
                0x000000b4       0x2d ./libopencm3//lib/libopencm3_stm32f1.a(rcc_common_all.o)
 .ARM.attributes
                0x000000e1       0x2d ./libopencm3//lib/libopencm3_stm32f1.a(usb.o)
 .ARM.attributes
                0x0000010e       0x2d ./libopencm3//lib/libopencm3_stm32f1.a(usb_control.o)
 .ARM.attributes
                0x0000013b       0x2d ./libopencm3//lib/libopencm3_stm32f1.a(usb_standard.o)
 .ARM.attributes
                0x00000168       0x2d ./libopencm3//lib/libopencm3_stm32f1.a(st_usbfs_v1.o)
 .ARM.attributes
                0x00000195       0x2d ./libopencm3//lib/libopencm3_stm32f1.a(vector.o)
 .ARM.attributes
                0x000001c2       0x2d ./libopencm3//lib/libopencm3_stm32f1.a(systick.o)
 .ARM.attributes
                0x000001ef       0x2d ./libopencm3//lib/libopencm3_stm32f1.a(scb.o)
 .ARM.attributes
                0x0000021c       0x2d ./libopencm3//lib/libopencm3_stm32f1.a(flash_common_all.o)
 .ARM.attributes
                0x00000249       0x2d ./libopencm3//lib/libopencm3_stm32f1.a(st_usbfs_core.o)
 .ARM.attributes
                0x00000276       0x2d /usr/lib/gcc/arm-none-eabi/13.2.1/../../../arm-none-eabi/lib/thumb/v7-m/nofp/libc.a(libc_a-memcmp.o)
 .ARM.attributes
                0x000002a3       0x1b /usr/lib/gcc/arm-none-eabi/13.2.1/../../../arm-none-eabi/lib/thumb/v7-m/nofp/libc.a(libc_a-memcpy.o)
 .ARM.attributes
                0x000002be       0x2d /usr/lib/gcc/arm-none-eabi/13.2.1/../../../arm-none-eabi/lib/thumb/v7-m/nofp/libc.a(libc_a-strlen-stub.o)

.debug_frame    0x00000000      0xda8
 .debug_frame   0x00000000       0x9c usbhid.o
 .debug_frame   0x0000009c       0x60 ./libopencm3//lib/libopencm3_stm32f1.a(gpio.o)
 .debug_frame   0x000000fc       0x80 ./libopencm3//lib/libopencm3_stm32f1.a(gpio_common_all.o)
 .debug_frame   0x0000017c      0x318 ./libopencm3//lib/libopencm3_stm32f1.a(rcc.o)
 .debug_frame   0x00000494       0xe0 ./libopencm3//lib/libopencm3_stm32f1.a(rcc_common_all.o)
 .debug_frame   0x00000574      0x15c ./libopencm3//lib/libopencm3_stm32f1.a(usb.o)
 .debug_frame   0x000006d0      0x13c ./libopencm3//lib/libopencm3_stm32f1.a(usb_control.o)
 .debug_frame   0x0000080c      0x1e8 ./libopencm3//lib/libopencm3_stm32f1.a(usb_standard.o)
 .debug_frame   0x000009f4       0x54 ./libopencm3//lib/libopencm3_stm32f1.a(st_usbfs_v1.o)
 .debug_frame   0x00000a48       0x4c ./libopencm3//lib/libopencm3_stm32f1.a(vector.o)
 .debug_frame   0x00000a94       0xd8 ./libopencm3//lib/libopencm3_stm32f1.a(systick.o)
 .debug_frame   0x00000b6c       0x80 ./libopencm3//lib/libopencm3_stm32f1.a(scb.o)
 .debug_frame   0x00000bec       0x50 ./libopencm3//lib/libopencm3_stm32f1.a(flash_common_all.o)
 .debug_frame   0x00000c3c      0x118 ./libopencm3//lib/libopencm3_stm32f1.a(st_usbfs_core.o)
 .debug_frame   0x00000d54       0x34 /usr/lib/gcc/arm-none-eabi/13.2.1/../../../arm-none-eabi/lib/thumb/v7-m/nofp/libc.a(libc_a-memcmp.o)
 .debug_frame   0x00000d88       0x20 /usr/lib/gcc/arm-none-eabi/13.2.1/../../../arm-none-eabi/lib/thumb/v7-m/nofp/libc.a(libc_a-strlen-stub.o)

.debug_line_str
                0x00000000       0x90
 .debug_line_str
                0x00000000       0x90 /usr/lib/gcc/arm-none-eabi/13.2.1/../../../arm-none-eabi/lib/thumb/v7-m/nofp/libc.a(libc_a-memcpy.o)

Cross Reference Table

Symbol                                            File
__fini_array_end                                  ./libopencm3//lib/libopencm3_stm32f1.a(vector.o)
__fini_array_start                                ./libopencm3//lib/libopencm3_stm32f1.a(vector.o)
__init_array_end                                  ./libopencm3//lib/libopencm3_stm32f1.a(vector.o)
__init_array_start                                ./libopencm3//lib/libopencm3_stm32f1.a(vector.o)
__preinit_array_end                               ./libopencm3//lib/libopencm3_stm32f1.a(vector.o)
__preinit_array_start                             ./libopencm3//lib/libopencm3_stm32f1.a(vector.o)
_data                                             ./libopencm3//lib/libopencm3_stm32f1.a(vector.o)
_data_loadaddr                                    ./libopencm3//lib/libopencm3_stm32f1.a(vector.o)
_ebss                                             ./libopencm3//lib/libopencm3_stm32f1.a(vector.o)
_edata                                            ./libopencm3//lib/libopencm3_stm32f1.a(vector.o)
_stack                                            ./libopencm3//lib/libopencm3_stm32f1.a(vector.o)
_usbd_control_in                                  ./libopencm3//lib/libopencm3_stm32f1.a(usb_control.o)
                                                  ./libopencm3//lib/libopencm3_stm32f1.a(usb.o)
_usbd_control_out                                 ./libopencm3//lib/libopencm3_stm32f1.a(usb_control.o)
                                                  ./libopencm3//lib/libopencm3_stm32f1.a(usb.o)
_usbd_control_setup                               ./libopencm3//lib/libopencm3_stm32f1.a(usb_control.o)
                                                  ./libopencm3//lib/libopencm3_stm32f1.a(usb.o)
_usbd_reset                                       ./libopencm3//lib/libopencm3_stm32f1.a(usb.o)
                                                  ./libopencm3//lib/libopencm3_stm32f1.a(st_usbfs_core.o)
_usbd_standard_request                            ./libopencm3//lib/libopencm3_stm32f1.a(usb_standard.o)
                                                  ./libopencm3//lib/libopencm3_stm32f1.a(usb_control.o)
_usbd_standard_request_device                     ./libopencm3//lib/libopencm3_stm32f1.a(usb_standard.o)
_usbd_standard_request_endpoint                   ./libopencm3//lib/libopencm3_stm32f1.a(usb_standard.o)
_usbd_standard_request_interface                  ./libopencm3//lib/libopencm3_stm32f1.a(usb_standard.o)
adc1_2_isr                                        ./libopencm3//lib/libopencm3_stm32f1.a(vector.o)
adc3_isr                                          ./libopencm3//lib/libopencm3_stm32f1.a(vector.o)
blocking_handler                                  ./libopencm3//lib/libopencm3_stm32f1.a(vector.o)
bus_fault_handler                                 ./libopencm3//lib/libopencm3_stm32f1.a(vector.o)
can2_rx0_isr                                      ./libopencm3//lib/libopencm3_stm32f1.a(vector.o)
can2_rx1_isr                                      ./libopencm3//lib/libopencm3_stm32f1.a(vector.o)
can2_sce_isr                                      ./libopencm3//lib/libopencm3_stm32f1.a(vector.o)
can2_tx_isr                                       ./libopencm3//lib/libopencm3_stm32f1.a(vector.o)
can_rx1_isr                                       ./libopencm3//lib/libopencm3_stm32f1.a(vector.o)
can_sce_isr                                       ./libopencm3//lib/libopencm3_stm32f1.a(vector.o)
cm3_assert_failed                                 ./libopencm3//lib/libopencm3_stm32f1.a(assert.o)
                                                  ./libopencm3//lib/libopencm3_stm32f1.a(rcc.o)
cm3_assert_failed_verbose                         ./libopencm3//lib/libopencm3_stm32f1.a(assert.o)
config                                            usbhid.o
debug_monitor_handler                             ./libopencm3//lib/libopencm3_stm32f1.a(vector.o)
dev_descr                                         usbhid.o
dfu_function                                      usbhid.o
dfu_iface                                         usbhid.o
dma1_channel1_isr                                 ./libopencm3//lib/libopencm3_stm32f1.a(vector.o)
dma1_channel2_isr                                 ./libopencm3//lib/libopencm3_stm32f1.a(vector.o)
dma1_channel3_isr                                 ./libopencm3//lib/libopencm3_stm32f1.a(vector.o)
dma1_channel4_isr                                 ./libopencm3//lib/libopencm3_stm32f1.a(vector.o)
dma1_channel5_isr                                 ./libopencm3//lib/libopencm3_stm32f1.a(vector.o)
dma1_channel6_isr                                 ./libopencm3//lib/libopencm3_stm32f1.a(vector.o)
dma1_channel7_isr                                 ./libopencm3//lib/libopencm3_stm32f1.a(vector.o)
dma2_channel1_isr                                 ./libopencm3//lib/libopencm3_stm32f1.a(vector.o)
dma2_channel2_isr                                 ./libopencm3//lib/libopencm3_stm32f1.a(vector.o)
dma2_channel3_isr                                 ./libopencm3//lib/libopencm3_stm32f1.a(vector.o)
dma2_channel4_5_isr                               ./libopencm3//lib/libopencm3_stm32f1.a(vector.o)
dma2_channel5_isr                                 ./libopencm3//lib/libopencm3_stm32f1.a(vector.o)
eth_isr                                           ./libopencm3//lib/libopencm3_stm32f1.a(vector.o)
eth_wkup_isr                                      ./libopencm3//lib/libopencm3_stm32f1.a(vector.o)
exti0_isr                                         ./libopencm3//lib/libopencm3_stm32f1.a(vector.o)
exti15_10_isr                                     ./libopencm3//lib/libopencm3_stm32f1.a(vector.o)
exti1_isr                                         ./libopencm3//lib/libopencm3_stm32f1.a(vector.o)
exti2_isr                                         ./libopencm3//lib/libopencm3_stm32f1.a(vector.o)
exti3_isr                                         ./libopencm3//lib/libopencm3_stm32f1.a(vector.o)
exti4_isr                                         ./libopencm3//lib/libopencm3_stm32f1.a(vector.o)
exti9_5_isr                                       ./libopencm3//lib/libopencm3_stm32f1.a(vector.o)
flash_isr                                         ./libopencm3//lib/libopencm3_stm32f1.a(vector.o)
flash_prefetch_disable                            ./libopencm3//lib/libopencm3_stm32f1.a(flash_common_all.o)
flash_prefetch_enable                             ./libopencm3//lib/libopencm3_stm32f1.a(flash_common_all.o)
flash_set_ws                                      ./libopencm3//lib/libopencm3_stm32f1.a(flash_common_all.o)
                                                  ./libopencm3//lib/libopencm3_stm32f1.a(rcc.o)
flash_unlock_option_bytes                         ./libopencm3//lib/libopencm3_stm32f1.a(flash_common_all.o)
fsmc_isr                                          ./libopencm3//lib/libopencm3_stm32f1.a(vector.o)
gpio_clear                                        ./libopencm3//lib/libopencm3_stm32f1.a(gpio_common_all.o)
                                                  usbhid.o
gpio_get                                          ./libopencm3//lib/libopencm3_stm32f1.a(gpio_common_all.o)
gpio_port_config_lock                             ./libopencm3//lib/libopencm3_stm32f1.a(gpio_common_all.o)
gpio_port_read                                    ./libopencm3//lib/libopencm3_stm32f1.a(gpio_common_all.o)
gpio_port_write                                   ./libopencm3//lib/libopencm3_stm32f1.a(gpio_common_all.o)
gpio_primary_remap                                ./libopencm3//lib/libopencm3_stm32f1.a(gpio.o)
gpio_secondary_remap                              ./libopencm3//lib/libopencm3_stm32f1.a(gpio.o)
gpio_set                                          ./libopencm3//lib/libopencm3_stm32f1.a(gpio_common_all.o)
                                                  usbhid.o
gpio_set_eventout                                 ./libopencm3//lib/libopencm3_stm32f1.a(gpio.o)
gpio_set_mode                                     ./libopencm3//lib/libopencm3_stm32f1.a(gpio.o)
                                                  usbhid.o
gpio_toggle                                       ./libopencm3//lib/libopencm3_stm32f1.a(gpio_common_all.o)
hard_fault_handler                                ./libopencm3//lib/libopencm3_stm32f1.a(vector.o)
hid_endpoint                                      usbhid.o
hid_iface                                         usbhid.o
i2c1_er_isr                                       ./libopencm3//lib/libopencm3_stm32f1.a(vector.o)
i2c1_ev_isr                                       ./libopencm3//lib/libopencm3_stm32f1.a(vector.o)
i2c2_er_isr                                       ./libopencm3//lib/libopencm3_stm32f1.a(vector.o)
i2c2_ev_isr                                       ./libopencm3//lib/libopencm3_stm32f1.a(vector.o)
ifaces                                            usbhid.o
main                                              usbhid.o
                                                  ./libopencm3//lib/libopencm3_stm32f1.a(vector.o)
mem_manage_handler                                ./libopencm3//lib/libopencm3_stm32f1.a(vector.o)
memcmp                                            /usr/lib/gcc/arm-none-eabi/13.2.1/../../../arm-none-eabi/lib/thumb/v7-m/nofp/libc.a(libc_a-memcmp.o)
                                                  ./libopencm3//lib/libopencm3_stm32f1.a(usb_standard.o)
memcpy                                            /usr/lib/gcc/arm-none-eabi/13.2.1/../../../arm-none-eabi/lib/thumb/v7-m/nofp/libc.a(libc_a-memcpy.o)
                                                  ./libopencm3//lib/libopencm3_stm32f1.a(usb_standard.o)
nmi_handler                                       ./libopencm3//lib/libopencm3_stm32f1.a(vector.o)
null_handler                                      ./libopencm3//lib/libopencm3_stm32f1.a(vector.o)
otg_fs_isr                                        ./libopencm3//lib/libopencm3_stm32f1.a(vector.o)
pend_sv_handler                                   ./libopencm3//lib/libopencm3_stm32f1.a(vector.o)
pvd_isr                                           ./libopencm3//lib/libopencm3_stm32f1.a(vector.o)
rcc_ahb_frequency                                 ./libopencm3//lib/libopencm3_stm32f1.a(rcc.o)
rcc_apb1_frequency                                ./libopencm3//lib/libopencm3_stm32f1.a(rcc.o)
rcc_apb2_frequency                                ./libopencm3//lib/libopencm3_stm32f1.a(rcc.o)
rcc_backupdomain_reset                            ./libopencm3//lib/libopencm3_stm32f1.a(rcc.o)
rcc_clock_setup_in_hse_12mhz_out_72mhz            ./libopencm3//lib/libopencm3_stm32f1.a(rcc.o)
rcc_clock_setup_in_hse_16mhz_out_72mhz            ./libopencm3//lib/libopencm3_stm32f1.a(rcc.o)
rcc_clock_setup_in_hse_25mhz_out_72mhz            ./libopencm3//lib/libopencm3_stm32f1.a(rcc.o)
rcc_clock_setup_in_hse_8mhz_out_24mhz             ./libopencm3//lib/libopencm3_stm32f1.a(rcc.o)
rcc_clock_setup_in_hse_8mhz_out_72mhz             ./libopencm3//lib/libopencm3_stm32f1.a(rcc.o)
rcc_clock_setup_in_hsi_out_24mhz                  ./libopencm3//lib/libopencm3_stm32f1.a(rcc.o)
rcc_clock_setup_in_hsi_out_48mhz                  ./libopencm3//lib/libopencm3_stm32f1.a(rcc.o)
rcc_clock_setup_in_hsi_out_64mhz                  ./libopencm3//lib/libopencm3_stm32f1.a(rcc.o)
rcc_clock_setup_pll                               ./libopencm3//lib/libopencm3_stm32f1.a(rcc.o)
                                                  usbhid.o
rcc_css_disable                                   ./libopencm3//lib/libopencm3_stm32f1.a(rcc.o)
rcc_css_enable                                    ./libopencm3//lib/libopencm3_stm32f1.a(rcc.o)
rcc_css_int_clear                                 ./libopencm3//lib/libopencm3_stm32f1.a(rcc.o)
rcc_css_int_flag                                  ./libopencm3//lib/libopencm3_stm32f1.a(rcc.o)
rcc_enable_rtc_clock                              ./libopencm3//lib/libopencm3_stm32f1.a(rcc.o)
rcc_get_div_from_hpre                             ./libopencm3//lib/libopencm3_stm32f1.a(rcc_common_all.o)
rcc_get_i2c_clk_freq                              ./libopencm3//lib/libopencm3_stm32f1.a(rcc.o)
rcc_get_timer_clk_freq                            ./libopencm3//lib/libopencm3_stm32f1.a(rcc.o)
rcc_get_usart_clk_freq                            ./libopencm3//lib/libopencm3_stm32f1.a(rcc.o)
rcc_hse_configs                                   ./libopencm3//lib/libopencm3_stm32f1.a(rcc.o)
rcc_hsi_configs                                   ./libopencm3//lib/libopencm3_stm32f1.a(rcc.o)
                                                  usbhid.o
rcc_is_osc_ready                                  ./libopencm3//lib/libopencm3_stm32f1.a(rcc.o)
rcc_isr                                           ./libopencm3//lib/libopencm3_stm32f1.a(vector.o)
rcc_osc_bypass_disable                            ./libopencm3//lib/libopencm3_stm32f1.a(rcc_common_all.o)
rcc_osc_bypass_enable                             ./libopencm3//lib/libopencm3_stm32f1.a(rcc_common_all.o)
rcc_osc_off                                       ./libopencm3//lib/libopencm3_stm32f1.a(rcc.o)
rcc_osc_on                                        ./libopencm3//lib/libopencm3_stm32f1.a(rcc.o)
rcc_osc_ready_int_clear                           ./libopencm3//lib/libopencm3_stm32f1.a(rcc.o)
rcc_osc_ready_int_disable                         ./libopencm3//lib/libopencm3_stm32f1.a(rcc.o)
rcc_osc_ready_int_enable                          ./libopencm3//lib/libopencm3_stm32f1.a(rcc.o)
rcc_osc_ready_int_flag                            ./libopencm3//lib/libopencm3_stm32f1.a(rcc.o)
rcc_periph_clock_disable                          ./libopencm3//lib/libopencm3_stm32f1.a(rcc_common_all.o)
rcc_periph_clock_enable                           ./libopencm3//lib/libopencm3_stm32f1.a(rcc_common_all.o)
                                                  ./libopencm3//lib/libopencm3_stm32f1.a(st_usbfs_v1.o)
                                                  usbhid.o
rcc_periph_reset_hold                             ./libopencm3//lib/libopencm3_stm32f1.a(rcc_common_all.o)
rcc_periph_reset_pulse                            ./libopencm3//lib/libopencm3_stm32f1.a(rcc_common_all.o)
rcc_periph_reset_release                          ./libopencm3//lib/libopencm3_stm32f1.a(rcc_common_all.o)
rcc_peripheral_clear_reset                        ./libopencm3//lib/libopencm3_stm32f1.a(rcc_common_all.o)
rcc_peripheral_disable_clock                      ./libopencm3//lib/libopencm3_stm32f1.a(rcc_common_all.o)
rcc_peripheral_enable_clock                       ./libopencm3//lib/libopencm3_stm32f1.a(rcc_common_all.o)
rcc_peripheral_reset                              ./libopencm3//lib/libopencm3_stm32f1.a(rcc_common_all.o)
rcc_rtc_clock_enabled_flag                        ./libopencm3//lib/libopencm3_stm32f1.a(rcc.o)
rcc_set_adcpre                                    ./libopencm3//lib/libopencm3_stm32f1.a(rcc.o)
rcc_set_hpre                                      ./libopencm3//lib/libopencm3_stm32f1.a(rcc.o)
rcc_set_mco                                       ./libopencm3//lib/libopencm3_stm32f1.a(rcc_common_all.o)
rcc_set_pll2_multiplication_factor                ./libopencm3//lib/libopencm3_stm32f1.a(rcc.o)
rcc_set_pll3_multiplication_factor                ./libopencm3//lib/libopencm3_stm32f1.a(rcc.o)
rcc_set_pll_multiplication_factor                 ./libopencm3//lib/libopencm3_stm32f1.a(rcc.o)
rcc_set_pll_source                                ./libopencm3//lib/libopencm3_stm32f1.a(rcc.o)
rcc_set_pllxtpre                                  ./libopencm3//lib/libopencm3_stm32f1.a(rcc.o)
rcc_set_ppre1                                     ./libopencm3//lib/libopencm3_stm32f1.a(rcc.o)
rcc_set_ppre2                                     ./libopencm3//lib/libopencm3_stm32f1.a(rcc.o)
rcc_set_prediv1                                   ./libopencm3//lib/libopencm3_stm32f1.a(rcc.o)
rcc_set_prediv1_source                            ./libopencm3//lib/libopencm3_stm32f1.a(rcc.o)
rcc_set_prediv2                                   ./libopencm3//lib/libopencm3_stm32f1.a(rcc.o)
rcc_set_rtc_clock_source                          ./libopencm3//lib/libopencm3_stm32f1.a(rcc.o)
rcc_set_sysclk_source                             ./libopencm3//lib/libopencm3_stm32f1.a(rcc.o)
rcc_set_usbpre                                    ./libopencm3//lib/libopencm3_stm32f1.a(rcc.o)
rcc_system_clock_source                           ./libopencm3//lib/libopencm3_stm32f1.a(rcc.o)
rcc_wait_for_osc_ready                            ./libopencm3//lib/libopencm3_stm32f1.a(rcc.o)
reset_handler                                     ./libopencm3//lib/libopencm3_stm32f1.a(vector.o)
rtc_alarm_isr                                     ./libopencm3//lib/libopencm3_stm32f1.a(vector.o)
rtc_isr                                           ./libopencm3//lib/libopencm3_stm32f1.a(vector.o)
scb_clear_sleepdeep                               ./libopencm3//lib/libopencm3_stm32f1.a(scb.o)
scb_clear_sleeponexit                             ./libopencm3//lib/libopencm3_stm32f1.a(scb.o)
scb_reset_core                                    ./libopencm3//lib/libopencm3_stm32f1.a(scb.o)
                                                  usbhid.o
scb_reset_system                                  ./libopencm3//lib/libopencm3_stm32f1.a(scb.o)
scb_set_priority_grouping                         ./libopencm3//lib/libopencm3_stm32f1.a(scb.o)
scb_set_sleepdeep                                 ./libopencm3//lib/libopencm3_stm32f1.a(scb.o)
scb_set_sleeponexit                               ./libopencm3//lib/libopencm3_stm32f1.a(scb.o)
sdio_isr                                          ./libopencm3//lib/libopencm3_stm32f1.a(vector.o)
spi1_isr                                          ./libopencm3//lib/libopencm3_stm32f1.a(vector.o)
spi2_isr                                          ./libopencm3//lib/libopencm3_stm32f1.a(vector.o)
spi3_isr                                          ./libopencm3//lib/libopencm3_stm32f1.a(vector.o)
st_usbfs_copy_from_pm                             ./libopencm3//lib/libopencm3_stm32f1.a(st_usbfs_v1.o)
                                                  ./libopencm3//lib/libopencm3_stm32f1.a(st_usbfs_core.o)
st_usbfs_copy_to_pm                               ./libopencm3//lib/libopencm3_stm32f1.a(st_usbfs_v1.o)
                                                  ./libopencm3//lib/libopencm3_stm32f1.a(st_usbfs_core.o)
st_usbfs_dev                                      ./libopencm3//lib/libopencm3_stm32f1.a(st_usbfs_core.o)
                                                  ./libopencm3//lib/libopencm3_stm32f1.a(st_usbfs_v1.o)
st_usbfs_endpoints_reset                          ./libopencm3//lib/libopencm3_stm32f1.a(st_usbfs_core.o)
                                                  ./libopencm3//lib/libopencm3_stm32f1.a(st_usbfs_v1.o)
st_usbfs_ep_nak_set                               ./libopencm3//lib/libopencm3_stm32f1.a(st_usbfs_core.o)
                                                  ./libopencm3//lib/libopencm3_stm32f1.a(st_usbfs_v1.o)
st_usbfs_ep_read_packet                           ./libopencm3//lib/libopencm3_stm32f1.a(st_usbfs_core.o)
                                                  ./libopencm3//lib/libopencm3_stm32f1.a(st_usbfs_v1.o)
st_usbfs_ep_setup                                 ./libopencm3//lib/libopencm3_stm32f1.a(st_usbfs_core.o)
                                                  ./libopencm3//lib/libopencm3_stm32f1.a(st_usbfs_v1.o)
st_usbfs_ep_stall_get                             ./libopencm3//lib/libopencm3_stm32f1.a(st_usbfs_core.o)
                                                  ./libopencm3//lib/libopencm3_stm32f1.a(st_usbfs_v1.o)
st_usbfs_ep_stall_set                             ./libopencm3//lib/libopencm3_stm32f1.a(st_usbfs_core.o)
                                                  ./libopencm3//lib/libopencm3_stm32f1.a(st_usbfs_v1.o)
st_usbfs_ep_write_packet                          ./libopencm3//lib/libopencm3_stm32f1.a(st_usbfs_core.o)
                                                  ./libopencm3//lib/libopencm3_stm32f1.a(st_usbfs_v1.o)
st_usbfs_force_nak                                ./libopencm3//lib/libopencm3_stm32f1.a(st_usbfs_core.o)
st_usbfs_poll                                     ./libopencm3//lib/libopencm3_stm32f1.a(st_usbfs_core.o)
                                                  ./libopencm3//lib/libopencm3_stm32f1.a(st_usbfs_v1.o)
st_usbfs_set_address                              ./libopencm3//lib/libopencm3_stm32f1.a(st_usbfs_core.o)
                                                  ./libopencm3//lib/libopencm3_stm32f1.a(st_usbfs_v1.o)
st_usbfs_set_ep_rx_bufsize                        ./libopencm3//lib/libopencm3_stm32f1.a(st_usbfs_core.o)
st_usbfs_v1_usb_driver                            ./libopencm3//lib/libopencm3_stm32f1.a(st_usbfs_v1.o)
                                                  usbhid.o
strlen                                            /usr/lib/gcc/arm-none-eabi/13.2.1/../../../arm-none-eabi/lib/thumb/v7-m/nofp/libc.a(libc_a-strlen-stub.o)
                                                  ./libopencm3//lib/libopencm3_stm32f1.a(usb_standard.o)
sv_call_handler                                   ./libopencm3//lib/libopencm3_stm32f1.a(vector.o)
sys_tick_handler                                  usbhid.o
systick_clear                                     ./libopencm3//lib/libopencm3_stm32f1.a(systick.o)
systick_counter_disable                           ./libopencm3//lib/libopencm3_stm32f1.a(systick.o)
systick_counter_enable                            ./libopencm3//lib/libopencm3_stm32f1.a(systick.o)
                                                  usbhid.o
systick_get_calib                                 ./libopencm3//lib/libopencm3_stm32f1.a(systick.o)
systick_get_countflag                             ./libopencm3//lib/libopencm3_stm32f1.a(systick.o)
systick_get_reload                                ./libopencm3//lib/libopencm3_stm32f1.a(systick.o)
systick_get_value                                 ./libopencm3//lib/libopencm3_stm32f1.a(systick.o)
systick_interrupt_disable                         ./libopencm3//lib/libopencm3_stm32f1.a(systick.o)
systick_interrupt_enable                          ./libopencm3//lib/libopencm3_stm32f1.a(systick.o)
                                                  usbhid.o
systick_set_clocksource                           ./libopencm3//lib/libopencm3_stm32f1.a(systick.o)
                                                  usbhid.o
systick_set_frequency                             ./libopencm3//lib/libopencm3_stm32f1.a(systick.o)
systick_set_reload                                ./libopencm3//lib/libopencm3_stm32f1.a(systick.o)
                                                  usbhid.o
tamper_isr                                        ./libopencm3//lib/libopencm3_stm32f1.a(vector.o)
tim1_brk_isr                                      ./libopencm3//lib/libopencm3_stm32f1.a(vector.o)
tim1_cc_isr                                       ./libopencm3//lib/libopencm3_stm32f1.a(vector.o)
tim1_trg_com_isr                                  ./libopencm3//lib/libopencm3_stm32f1.a(vector.o)
tim1_up_isr                                       ./libopencm3//lib/libopencm3_stm32f1.a(vector.o)
tim2_isr                                          ./libopencm3//lib/libopencm3_stm32f1.a(vector.o)
tim3_isr                                          ./libopencm3//lib/libopencm3_stm32f1.a(vector.o)
tim4_isr                                          ./libopencm3//lib/libopencm3_stm32f1.a(vector.o)
tim5_isr                                          ./libopencm3//lib/libopencm3_stm32f1.a(vector.o)
tim6_isr                                          ./libopencm3//lib/libopencm3_stm32f1.a(vector.o)
tim7_isr                                          ./libopencm3//lib/libopencm3_stm32f1.a(vector.o)
tim8_brk_isr                                      ./libopencm3//lib/libopencm3_stm32f1.a(vector.o)
tim8_cc_isr                                       ./libopencm3//lib/libopencm3_stm32f1.a(vector.o)
tim8_trg_com_isr                                  ./libopencm3//lib/libopencm3_stm32f1.a(vector.o)
tim8_up_isr                                       ./libopencm3//lib/libopencm3_stm32f1.a(vector.o)
uart4_isr                                         ./libopencm3//lib/libopencm3_stm32f1.a(vector.o)
uart5_isr                                         ./libopencm3//lib/libopencm3_stm32f1.a(vector.o)
usage_fault_handler                               ./libopencm3//lib/libopencm3_stm32f1.a(vector.o)
usart1_isr                                        ./libopencm3//lib/libopencm3_stm32f1.a(vector.o)
usart2_isr                                        ./libopencm3//lib/libopencm3_stm32f1.a(vector.o)
usart3_isr                                        ./libopencm3//lib/libopencm3_stm32f1.a(vector.o)
usb_hp_can_tx_isr                                 ./libopencm3//lib/libopencm3_stm32f1.a(vector.o)
usb_lp_can_rx0_isr                                ./libopencm3//lib/libopencm3_stm32f1.a(vector.o)
usb_wakeup_isr                                    ./libopencm3//lib/libopencm3_stm32f1.a(vector.o)
usbd_control_buffer                               usbhid.o
usbd_disconnect                                   ./libopencm3//lib/libopencm3_stm32f1.a(usb.o)
usbd_ep_nak_set                                   ./libopencm3//lib/libopencm3_stm32f1.a(usb.o)
                                                  ./libopencm3//lib/libopencm3_stm32f1.a(usb_control.o)
usbd_ep_read_packet                               ./libopencm3//lib/libopencm3_stm32f1.a(usb.o)
                                                  ./libopencm3//lib/libopencm3_stm32f1.a(usb_control.o)
usbd_ep_setup                                     ./libopencm3//lib/libopencm3_stm32f1.a(usb.o)
                                                  usbhid.o
usbd_ep_stall_get                                 ./libopencm3//lib/libopencm3_stm32f1.a(usb.o)
                                                  ./libopencm3//lib/libopencm3_stm32f1.a(usb_standard.o)
usbd_ep_stall_set                                 ./libopencm3//lib/libopencm3_stm32f1.a(usb.o)
                                                  ./libopencm3//lib/libopencm3_stm32f1.a(usb_standard.o)
                                                  ./libopencm3//lib/libopencm3_stm32f1.a(usb_control.o)
usbd_ep_write_packet                              ./libopencm3//lib/libopencm3_stm32f1.a(usb.o)
                                                  ./libopencm3//lib/libopencm3_stm32f1.a(usb_control.o)
                                                  usbhid.o
usbd_init                                         ./libopencm3//lib/libopencm3_stm32f1.a(usb.o)
                                                  usbhid.o
usbd_poll                                         ./libopencm3//lib/libopencm3_stm32f1.a(usb.o)
                                                  usbhid.o
usbd_register_bos_descriptor                      ./libopencm3//lib/libopencm3_stm32f1.a(usb.o)
usbd_register_control_callback                    ./libopencm3//lib/libopencm3_stm32f1.a(usb_control.o)
                                                  usbhid.o
usbd_register_extra_string                        ./libopencm3//lib/libopencm3_stm32f1.a(usb.o)
usbd_register_reset_callback                      ./libopencm3//lib/libopencm3_stm32f1.a(usb.o)
usbd_register_resume_callback                     ./libopencm3//lib/libopencm3_stm32f1.a(usb.o)
usbd_register_set_altsetting_callback             ./libopencm3//lib/libopencm3_stm32f1.a(usb_standard.o)
usbd_register_set_config_callback                 ./libopencm3//lib/libopencm3_stm32f1.a(usb_standard.o)
                                                  usbhid.o
usbd_register_sof_callback                        ./libopencm3//lib/libopencm3_stm32f1.a(usb.o)
usbd_register_suspend_callback                    ./libopencm3//lib/libopencm3_stm32f1.a(usb.o)
vector_table                                      ./libopencm3//lib/libopencm3_stm32f1.a(vector.o)
wwdg_isr                                          ./libopencm3//lib/libopencm3_stm32f1.a(vector.o)
